// Jest Snapshot v1, https://goo.gl/fbAQLP

exports[`Loading should match snapshot 1`] = `
<body>
  <div>
    <div
      class="_tadashi_svelte_loading teste svelte-1bb3njq"
      data-theme="dark"
    >
      <div
        class="_tadashi_svelte_loading_animation svelte-1bb3njq"
      />
    </div>
    
  </div>
</body>
`;
